[Fri Mar  6 02:55:56 2026] PHP 8.3.6 Development Server (http://localhost:8000) started
[Fri Mar  6 02:56:26 2026] [::1]:52314 Accepted
[Fri Mar  6 02:56:26 2026] Database Connection Error: SQLSTATE[HY000] [2002] No such file or directory
[Fri Mar  6 02:56:26 2026] [::1]:52314 [200]: GET /input_penerima.php
[Fri Mar  6 02:56:26 2026] [::1]:52314 Closing
[Fri Mar  6 02:56:26 2026] [::1]:52320 Accepted
[Fri Mar  6 02:56:26 2026] Database Connection Error: SQLSTATE[HY000] [2002] No such file or directory
[Fri Mar  6 02:56:26 2026] [::1]:52320 [200]: GET /keluhan.php
[Fri Mar  6 02:56:26 2026] [::1]:52320 Closing
[Fri Mar  6 02:56:27 2026] [::1]:52328 Accepted
[Fri Mar  6 02:56:27 2026] [::1]:52328 [200]: GET /admin/login.php
[Fri Mar  6 02:56:27 2026] [::1]:52328 Closing
[Fri Mar  6 02:56:27 2026] [::1]:52340 Accepted
[Fri Mar  6 02:56:27 2026] [::1]:52340 [302]: POST /admin/login.php
[Fri Mar  6 02:56:27 2026] [::1]:52340 Closing
[Fri Mar  6 02:56:27 2026] [::1]:52350 Accepted
[Fri Mar  6 02:56:27 2026] Database Connection Error: SQLSTATE[HY000] [2002] No such file or directory
[Fri Mar  6 02:56:27 2026] [::1]:52350 [200]: GET /admin/index.php
[Fri Mar  6 02:56:27 2026] [::1]:52350 Closing
[Fri Mar  6 02:56:57 2026] [::1]:48480 Accepted
[Fri Mar  6 02:56:57 2026] Database Connection Error: SQLSTATE[HY000] [2002] No such file or directory
[Fri Mar  6 02:56:57 2026] [::1]:48480 [200]: GET /input_penerima.php
[Fri Mar  6 02:56:57 2026] [::1]:48480 Closing
[Fri Mar  6 02:56:57 2026] [::1]:48486 Accepted
[Fri Mar  6 02:56:57 2026] Database Connection Error: SQLSTATE[HY000] [2002] No such file or directory
[Fri Mar  6 02:56:57 2026] [::1]:48486 [200]: GET /input_penerima.php?get_class_info=1
[Fri Mar  6 02:56:57 2026] [::1]:48486 Closing
[Fri Mar  6 02:56:57 2026] [::1]:48494 Accepted
[Fri Mar  6 02:56:57 2026] Database Connection Error: SQLSTATE[HY000] [2002] No such file or directory
[Fri Mar  6 02:56:57 2026] [::1]:48494 [200]: POST /input_penerima.php
[Fri Mar  6 02:56:57 2026] [::1]:48494 Closing
[Fri Mar  6 02:59:01 2026] [::1]:35918 Accepted
[Fri Mar  6 02:59:01 2026] Database Connection Error: SQLSTATE[HY000] [2002] No such file or directory
[Fri Mar  6 02:59:01 2026] [::1]:35918 [200]: GET /index.php
[Fri Mar  6 02:59:01 2026] [::1]:35918 Closing
[Fri Mar  6 02:59:02 2026] [::1]:35922 Accepted
[Fri Mar  6 02:59:02 2026] Database Connection Error: SQLSTATE[HY000] [2002] No such file or directory
[Fri Mar  6 02:59:02 2026] [::1]:35922 [200]: GET /penerimaan_hari_ini.php
[Fri Mar  6 02:59:02 2026] [::1]:35922 Closing
[Fri Mar  6 03:00:10 2026] [::1]:45050 Accepted
[Fri Mar  6 03:00:10 2026] Database Connection Error: SQLSTATE[HY000] [2002] No such file or directory
[Fri Mar  6 03:00:10 2026] [::1]:45050 [200]: GET /index.php
[Fri Mar  6 03:00:10 2026] [::1]:45050 Closing
[Fri Mar  6 03:00:10 2026] [::1]:45066 Accepted
[Fri Mar  6 03:00:10 2026] Database Connection Error: SQLSTATE[HY000] [2002] No such file or directory
[Fri Mar  6 03:00:10 2026] [::1]:45066 [200]: GET /penerimaan_hari_ini.php
[Fri Mar  6 03:00:10 2026] [::1]:45066 Closing
[Fri Mar  6 03:00:11 2026] [::1]:45070 Accepted
[Fri Mar  6 03:00:11 2026] Database Connection Error: SQLSTATE[HY000] [2002] No such file or directory
[Fri Mar  6 03:00:11 2026] [::1]:45070 [200]: GET /input_penerima.php
[Fri Mar  6 03:00:11 2026] [::1]:45070 Closing
[Fri Mar  6 03:00:11 2026] [::1]:45086 Accepted
[Fri Mar  6 03:00:11 2026] [::1]:45086 [302]: GET /admin/index.php
[Fri Mar  6 03:00:11 2026] [::1]:45086 Closing
[Fri Mar  6 03:00:11 2026] [::1]:45098 Accepted
[Fri Mar  6 03:00:11 2026] [::1]:45098 [200]: GET /admin/login.php
[Fri Mar  6 03:00:11 2026] [::1]:45098 Closing
[Fri Mar  6 03:00:11 2026] [::1]:45114 Accepted
[Fri Mar  6 03:00:11 2026] [::1]:45114 [200]: POST /admin/login.php
[Fri Mar  6 03:00:11 2026] [::1]:45114 Closing
[Fri Mar  6 03:01:26 2026] [::1]:58742 Accepted
[Fri Mar  6 03:01:26 2026] Database Connection Error: SQLSTATE[HY000] [2002] No such file or directory
[Fri Mar  6 03:01:26 2026] [::1]:58742 [200]: GET /index.php
[Fri Mar  6 03:01:26 2026] [::1]:58742 Closing
[Fri Mar  6 03:01:27 2026] [::1]:58744 Accepted
[Fri Mar  6 03:01:27 2026] Database Connection Error: SQLSTATE[HY000] [2002] No such file or directory
[Fri Mar  6 03:01:27 2026] [::1]:58744 [200]: GET /penerimaan_hari_ini.php
[Fri Mar  6 03:01:27 2026] [::1]:58744 Closing
[Fri Mar  6 03:01:27 2026] [::1]:58752 Accepted
[Fri Mar  6 03:01:27 2026] Database Connection Error: SQLSTATE[HY000] [2002] No such file or directory
[Fri Mar  6 03:01:27 2026] [::1]:58752 [200]: GET /input_penerima.php
[Fri Mar  6 03:01:27 2026] [::1]:58752 Closing
[Fri Mar  6 03:01:28 2026] [::1]:58758 Accepted
[Fri Mar  6 03:01:28 2026] [::1]:58758 [302]: GET /admin/index.php
[Fri Mar  6 03:01:28 2026] [::1]:58758 Closing
[Fri Mar  6 03:01:28 2026] [::1]:58774 Accepted
[Fri Mar  6 03:01:28 2026] [::1]:58774 [200]: GET /admin/login.php
[Fri Mar  6 03:01:28 2026] [::1]:58774 Closing
[Fri Mar  6 03:01:28 2026] [::1]:58776 Accepted
[Fri Mar  6 03:01:28 2026] [::1]:58776 [302]: POST /admin/login.php
[Fri Mar  6 03:01:28 2026] [::1]:58776 Closing
[Fri Mar  6 03:01:28 2026] [::1]:58790 Accepted
[Fri Mar  6 03:01:28 2026] Database Connection Error: SQLSTATE[HY000] [2002] No such file or directory
[Fri Mar  6 03:01:28 2026] [::1]:58790 [200]: GET /admin/index.php
[Fri Mar  6 03:01:28 2026] [::1]:58790 Closing
[Fri Mar  6 03:01:28 2026] [::1]:58796 Accepted
[Fri Mar  6 03:01:28 2026] Database Connection Error: SQLSTATE[HY000] [2002] No such file or directory
[Fri Mar  6 03:01:28 2026] [::1]:58796 [200]: GET /admin/complaints.php
[Fri Mar  6 03:01:28 2026] [::1]:58796 Closing
[Fri Mar  6 03:02:27 2026] [::1]:52568 Accepted
[Fri Mar  6 03:02:27 2026] Database Connection Error: SQLSTATE[HY000] [2002] No such file or directory
[Fri Mar  6 03:02:27 2026] [::1]:52568 [200]: GET /index.php
[Fri Mar  6 03:02:27 2026] [::1]:52568 Closing
[Fri Mar  6 03:02:28 2026] [::1]:52580 Accepted
[Fri Mar  6 03:02:28 2026] Database Connection Error: SQLSTATE[HY000] [2002] No such file or directory
[Fri Mar  6 03:02:28 2026] [::1]:52580 [200]: GET /penerimaan_hari_ini.php
[Fri Mar  6 03:02:28 2026] [::1]:52580 Closing
[Fri Mar  6 03:02:28 2026] [::1]:52596 Accepted
[Fri Mar  6 03:02:28 2026] Database Connection Error: SQLSTATE[HY000] [2002] No such file or directory
[Fri Mar  6 03:02:28 2026] [::1]:52596 [200]: GET /input_penerima.php
[Fri Mar  6 03:02:28 2026] [::1]:52596 Closing
[Fri Mar  6 03:02:28 2026] [::1]:52606 Accepted
[Fri Mar  6 03:02:28 2026] Database Connection Error: SQLSTATE[HY000] [2002] No such file or directory
[Fri Mar  6 03:02:28 2026] [::1]:52606 [200]: GET /keluhan.php
[Fri Mar  6 03:02:28 2026] [::1]:52606 Closing
[Fri Mar  6 03:02:29 2026] [::1]:52616 Accepted
[Fri Mar  6 03:02:29 2026] [::1]:52616 [302]: GET /admin/index.php
[Fri Mar  6 03:02:29 2026] [::1]:52616 Closing
[Fri Mar  6 03:02:29 2026] [::1]:52628 Accepted
[Fri Mar  6 03:02:29 2026] [::1]:52628 [200]: GET /admin/login.php
[Fri Mar  6 03:02:29 2026] [::1]:52628 Closing
[Fri Mar  6 03:02:29 2026] [::1]:52636 Accepted
[Fri Mar  6 03:02:29 2026] [::1]:52636 [302]: POST /admin/login.php
[Fri Mar  6 03:02:29 2026] [::1]:52636 Closing
[Fri Mar  6 03:02:29 2026] [::1]:52652 Accepted
[Fri Mar  6 03:02:29 2026] Database Connection Error: SQLSTATE[HY000] [2002] No such file or directory
[Fri Mar  6 03:02:29 2026] [::1]:52652 [200]: GET /admin/index.php
[Fri Mar  6 03:02:29 2026] [::1]:52652 Closing
[Fri Mar  6 03:02:29 2026] [::1]:52654 Accepted
[Fri Mar  6 03:02:29 2026] Database Connection Error: SQLSTATE[HY000] [2002] No such file or directory
[Fri Mar  6 03:02:29 2026] [::1]:52654 [200]: GET /admin/reports.php
[Fri Mar  6 03:02:29 2026] [::1]:52654 Closing
[Fri Mar  6 03:03:36 2026] [::1]:44342 Accepted
[Fri Mar  6 03:03:36 2026] Database Connection Error: SQLSTATE[HY000] [2002] No such file or directory
[Fri Mar  6 03:03:36 2026] [::1]:44342 [200]: GET /index.php
[Fri Mar  6 03:03:36 2026] [::1]:44342 Closing
[Fri Mar  6 03:03:37 2026] [::1]:44344 Accepted
[Fri Mar  6 03:03:37 2026] Database Connection Error: SQLSTATE[HY000] [2002] No such file or directory
[Fri Mar  6 03:03:37 2026] [::1]:44344 [200]: GET /penerimaan_hari_ini.php
[Fri Mar  6 03:03:37 2026] [::1]:44344 Closing
[Fri Mar  6 03:03:37 2026] [::1]:44352 Accepted
[Fri Mar  6 03:03:37 2026] Database Connection Error: SQLSTATE[HY000] [2002] No such file or directory
[Fri Mar  6 03:03:37 2026] [::1]:44352 [200]: GET /input_penerima.php
[Fri Mar  6 03:03:37 2026] [::1]:44352 Closing
[Fri Mar  6 03:03:38 2026] [::1]:44368 Accepted
[Fri Mar  6 03:03:38 2026] Database Connection Error: SQLSTATE[HY000] [2002] No such file or directory
[Fri Mar  6 03:03:38 2026] [::1]:44368 [200]: GET /keluhan.php
[Fri Mar  6 03:03:38 2026] [::1]:44368 Closing
[Fri Mar  6 03:03:38 2026] [::1]:44380 Accepted
[Fri Mar  6 03:03:38 2026] [::1]:44380 [302]: GET /admin/index.php
[Fri Mar  6 03:03:38 2026] [::1]:44380 Closing
[Fri Mar  6 03:03:38 2026] [::1]:44382 Accepted
[Fri Mar  6 03:03:38 2026] [::1]:44382 [200]: GET /admin/login.php
[Fri Mar  6 03:03:38 2026] [::1]:44382 Closing
[Fri Mar  6 03:03:38 2026] [::1]:44394 Accepted
[Fri Mar  6 03:03:38 2026] [::1]:44394 [302]: POST /admin/login.php
[Fri Mar  6 03:03:38 2026] [::1]:44394 Closing
[Fri Mar  6 03:03:38 2026] [::1]:44402 Accepted
[Fri Mar  6 03:03:38 2026] Database Connection Error: SQLSTATE[HY000] [2002] No such file or directory
[Fri Mar  6 03:03:38 2026] [::1]:44402 [200]: GET /admin/index.php
[Fri Mar  6 03:03:38 2026] [::1]:44402 Closing
[Fri Mar  6 03:03:39 2026] [::1]:44404 Accepted
[Fri Mar  6 03:03:39 2026] Database Connection Error: SQLSTATE[HY000] [2002] No such file or directory
[Fri Mar  6 03:03:39 2026] [::1]:44404 [200]: GET /admin/reports.php
[Fri Mar  6 03:03:39 2026] [::1]:44404 Closing
[Fri Mar  6 03:03:39 2026] [::1]:44418 Accepted
[Fri Mar  6 03:03:39 2026] Database Connection Error: SQLSTATE[HY000] [2002] No such file or directory
[Fri Mar  6 03:03:39 2026] [::1]:44418 [200]: GET /admin/complaints.php
[Fri Mar  6 03:03:39 2026] [::1]:44418 Closing
